> message("Message")
<simpleMessage/message/condition>
  $call .Primitive("call")
Message

> # With calls
> warning("Warning")
<simpleWarning/warning/condition>
  $call .Primitive("call")
Warning

> stop("Error")
<simpleError/error/condition>
  $call .Primitive("call")
Error

> # Without calls
> warning("Warning", call. = FALSE)
<simpleWarning/warning/condition>
Warning

> stop("Error", call. = FALSE)
<simpleError/error/condition>
Error

> # With `conditionMessage()` method
> cnd_signal(message_cnd("foobar", message = "Message"))
<foobar/message/condition>
Dispatched! Message

> cnd_signal(warning_cnd("foobar", message = "Warning"))
<foobar/warning/condition>
Dispatched! Warning

> cnd_signal(error_cnd("foobar", message = "Error"))
<foobar/rlang_error/error/condition>
Dispatched! Error

